2026-02-15 15:32:52,266 [INFO] kpop_trends: === K-POP Trends Daily Pipeline | 2026-02-15 ===
2026-02-15 15:32:52,270 [INFO] kpop_trends: Re-run requested, clearing existing data...
2026-02-15 15:32:52,270 [INFO] kpop_trends: --- Phase 1: Data Collection ---
2026-02-15 15:32:52,270 [INFO] collector.billboard_collector: Fetching Billboard global-200...
2026-02-15 15:32:53,177 [WARNING] collector.billboard_collector: Failed to fetch Billboard global-200: Chart not found (perhaps the name is misspelled?)
2026-02-15 15:32:53,180 [INFO] collector.billboard_collector: Fetching Billboard hot-100...
2026-02-15 15:33:08,296 [INFO] collector.billboard_collector:   Billboard hot-100: 30 K-POP entries found
2026-02-15 15:33:08,297 [INFO] kpop_trends: Billboard: 30 K-POP entries saved
2026-02-15 15:33:08,297 [INFO] collector.spotify_collector: Fetching Spotify Korea chart from kworb.net...
2026-02-15 15:33:10,366 [INFO] collector.spotify_collector:   Spotify Korea: 0 entries collected
2026-02-15 15:33:10,397 [INFO] collector.trends_collector: Fetching Google Trends for KR...
2026-02-15 15:33:11,083 [INFO] collector.trends_collector:   KR: 10 trends, 2 K-POP related
2026-02-15 15:33:11,083 [INFO] collector.trends_collector: Fetching Google Trends for US...
2026-02-15 15:33:11,968 [INFO] collector.trends_collector:   US: 10 trends, 5 K-POP related
2026-02-15 15:33:11,968 [INFO] collector.trends_collector: Fetching Google Trends for JP...
2026-02-15 15:33:13,151 [INFO] collector.trends_collector:   JP: 10 trends, 0 K-POP related
2026-02-15 15:33:13,151 [INFO] collector.trends_collector: Fetching Google Trends for TH...
2026-02-15 15:33:14,039 [INFO] collector.trends_collector:   TH: 10 trends, 1 K-POP related
2026-02-15 15:33:14,039 [INFO] collector.trends_collector: Fetching Google Trends for ID...
2026-02-15 15:33:14,810 [INFO] collector.trends_collector:   ID: 10 trends, 3 K-POP related
2026-02-15 15:33:14,811 [INFO] collector.trends_collector: Fetching Google Trends for PH...
2026-02-15 15:33:15,806 [INFO] collector.trends_collector:   PH: 10 trends, 2 K-POP related
2026-02-15 15:33:15,806 [INFO] collector.trends_collector: Fetching Google Trends for BR...
2026-02-15 15:33:16,740 [INFO] collector.trends_collector:   BR: 10 trends, 4 K-POP related
2026-02-15 15:33:16,741 [INFO] collector.trends_collector: Fetching Google Trends for MX...
2026-02-15 15:33:17,673 [INFO] collector.trends_collector:   MX: 10 trends, 1 K-POP related
2026-02-15 15:33:17,674 [INFO] collector.trends_collector: Fetching Google Trends for FR...
2026-02-15 15:33:18,701 [INFO] collector.trends_collector:   FR: 10 trends, 0 K-POP related
2026-02-15 15:33:18,701 [INFO] collector.trends_collector: Fetching Google Trends for DE...
2026-02-15 15:33:19,929 [INFO] collector.trends_collector:   DE: 10 trends, 5 K-POP related
2026-02-15 15:33:19,932 [INFO] kpop_trends: Google Trends: 100 total, 23 K-POP related
2026-02-15 15:33:19,933 [INFO] collector.news_collector: Fetching news from Soompi...
2026-02-15 15:33:19,964 [WARNING] collector.news_collector: RSS feed error for Soompi: <urlopen error [SSL: CERTIFICATE_VERIFY_FAILED] certificate verify failed: unable to get local issuer certificate (_ssl.c:997)>
2026-02-15 15:33:19,965 [INFO] collector.news_collector: Fetching news from AllKPop...
2026-02-15 15:33:20,013 [WARNING] collector.news_collector: RSS feed error for AllKPop: <urlopen error [SSL: CERTIFICATE_VERIFY_FAILED] certificate verify failed: unable to get local issuer certificate (_ssl.c:997)>
2026-02-15 15:33:20,013 [INFO] kpop_trends: --- Phase 2: Insight Analysis ---
2026-02-15 15:33:20,020 [INFO] analyzer.insight_engine: Generated 40 insights: 40 HIGH, 0 MEDIUM
2026-02-15 15:33:20,022 [INFO] kpop_trends: Insights: 40 generated
2026-02-15 15:33:20,022 [INFO] kpop_trends: --- Phase 3: Report Generation ---
2026-02-15 15:33:20,026 [INFO] reporter.daily_report: Report saved: /Users/yong/MainFolder/My_AI_Project/HKD852/KPOP_Trends/outputs/reports/2026-02-15.html
2026-02-15 15:33:20,026 [INFO] kpop_trends: Report: /Users/yong/MainFolder/My_AI_Project/HKD852/KPOP_Trends/outputs/reports/2026-02-15.html
2026-02-15 15:33:20,026 [INFO] kpop_trends: === Pipeline completed in 27.8s ===
2026-02-15 15:35:35,492 [INFO] kpop_trends: === K-POP Trends Daily Pipeline | 2026-02-15 ===
2026-02-15 15:35:35,493 [INFO] kpop_trends: Re-run requested, clearing existing data...
2026-02-15 15:35:35,495 [INFO] kpop_trends: --- Phase 1: Data Collection ---
2026-02-15 15:35:35,495 [INFO] collector.billboard_collector: Fetching Billboard billboard-global-200...
2026-02-15 15:36:30,186 [INFO] collector.billboard_collector:   Billboard billboard-global-200: 45 K-POP entries found
2026-02-15 15:36:30,187 [INFO] collector.billboard_collector: Fetching Billboard hot-100...
2026-02-15 15:36:44,717 [INFO] collector.billboard_collector:   Billboard hot-100: 30 K-POP entries found
2026-02-15 15:36:44,719 [INFO] kpop_trends: Billboard: 75 K-POP entries saved
2026-02-15 15:36:44,719 [INFO] collector.spotify_collector: Fetching Spotify Korea chart from kworb.net...
2026-02-15 15:36:46,534 [INFO] collector.spotify_collector:   Spotify Korea: 200 entries collected
2026-02-15 15:36:46,536 [INFO] kpop_trends: Spotify KR: 200 entries saved
2026-02-15 15:36:46,611 [INFO] collector.trends_collector: Fetching Google Trends for KR...
2026-02-15 15:36:47,450 [INFO] collector.trends_collector:   KR: 10 trends, 2 K-POP related
2026-02-15 15:36:47,451 [INFO] collector.trends_collector: Fetching Google Trends for US...
2026-02-15 15:36:48,008 [INFO] collector.trends_collector:   US: 10 trends, 5 K-POP related
2026-02-15 15:36:48,008 [INFO] collector.trends_collector: Fetching Google Trends for JP...
2026-02-15 15:36:49,031 [INFO] collector.trends_collector:   JP: 10 trends, 0 K-POP related
2026-02-15 15:36:49,031 [INFO] collector.trends_collector: Fetching Google Trends for TH...
2026-02-15 15:36:50,051 [INFO] collector.trends_collector:   TH: 10 trends, 1 K-POP related
2026-02-15 15:36:50,051 [INFO] collector.trends_collector: Fetching Google Trends for ID...
2026-02-15 15:36:51,081 [INFO] collector.trends_collector:   ID: 10 trends, 3 K-POP related
2026-02-15 15:36:51,081 [INFO] collector.trends_collector: Fetching Google Trends for PH...
2026-02-15 15:36:52,055 [INFO] collector.trends_collector:   PH: 10 trends, 2 K-POP related
2026-02-15 15:36:52,055 [INFO] collector.trends_collector: Fetching Google Trends for BR...
2026-02-15 15:36:53,099 [INFO] collector.trends_collector:   BR: 10 trends, 4 K-POP related
2026-02-15 15:36:53,099 [INFO] collector.trends_collector: Fetching Google Trends for MX...
2026-02-15 15:36:54,521 [INFO] collector.trends_collector:   MX: 10 trends, 1 K-POP related
2026-02-15 15:36:54,522 [INFO] collector.trends_collector: Fetching Google Trends for FR...
2026-02-15 15:36:55,697 [INFO] collector.trends_collector:   FR: 10 trends, 0 K-POP related
2026-02-15 15:36:55,697 [INFO] collector.trends_collector: Fetching Google Trends for DE...
2026-02-15 15:36:56,915 [INFO] collector.trends_collector:   DE: 10 trends, 5 K-POP related
2026-02-15 15:36:56,919 [INFO] kpop_trends: Google Trends: 100 total, 23 K-POP related
2026-02-15 15:36:56,919 [INFO] collector.news_collector: Fetching news from Soompi...
2026-02-15 15:36:57,338 [INFO] collector.news_collector:   Soompi: 20 articles
2026-02-15 15:36:57,338 [INFO] collector.news_collector: Fetching news from AllKPop...
2026-02-15 15:36:57,588 [WARNING] collector.news_collector: RSS feed error for AllKPop: <unknown>:7:866: not well-formed (invalid token)
2026-02-15 15:36:57,591 [INFO] kpop_trends: News: 20 articles saved
2026-02-15 15:36:57,591 [INFO] kpop_trends: --- Phase 2: Insight Analysis ---
2026-02-15 15:36:57,601 [INFO] analyzer.insight_engine: Generated 52 insights: 49 HIGH, 3 MEDIUM
2026-02-15 15:36:57,602 [INFO] kpop_trends: Insights: 52 generated
2026-02-15 15:36:57,602 [INFO] kpop_trends: --- Phase 3: Report Generation ---
2026-02-15 15:36:57,607 [INFO] reporter.daily_report: Report saved: /Users/yong/MainFolder/My_AI_Project/HKD852/KPOP_Trends/outputs/reports/2026-02-15.html
2026-02-15 15:36:57,607 [INFO] kpop_trends: Report: /Users/yong/MainFolder/My_AI_Project/HKD852/KPOP_Trends/outputs/reports/2026-02-15.html
2026-02-15 15:36:57,607 [INFO] kpop_trends: === Pipeline completed in 82.1s ===
2026-02-15 15:43:42,909 [INFO] kpop_trends: === K-POP Trends Daily Pipeline | 2026-02-15 ===
2026-02-15 15:43:42,911 [INFO] kpop_trends: Re-run requested, clearing existing data...
2026-02-15 15:43:42,913 [INFO] kpop_trends: --- Phase 1: Data Collection ---
2026-02-15 15:43:42,913 [INFO] collector.billboard_collector: Fetching Billboard billboard-global-200...
2026-02-15 15:44:36,348 [INFO] collector.billboard_collector:   Billboard billboard-global-200: 45 K-POP entries found
2026-02-15 15:44:36,349 [INFO] collector.billboard_collector: Fetching Billboard hot-100...
2026-02-15 15:44:50,765 [INFO] collector.billboard_collector:   Billboard hot-100: 30 K-POP entries found
2026-02-15 15:44:50,767 [INFO] kpop_trends: Billboard: 75 K-POP entries saved
2026-02-15 15:44:50,767 [INFO] collector.spotify_collector: Fetching Spotify Korea chart from kworb.net...
2026-02-15 15:44:52,652 [INFO] collector.spotify_collector:   Spotify Korea: 200 entries collected
2026-02-15 15:44:52,656 [INFO] kpop_trends: Spotify KR: 200 entries saved
2026-02-15 15:44:52,744 [INFO] collector.trends_collector: Fetching Google Trends for KR...
2026-02-15 15:44:53,695 [INFO] collector.trends_collector:   KR: 10 trends, 2 K-POP related
2026-02-15 15:44:53,695 [INFO] collector.trends_collector: Fetching Google Trends for US...
2026-02-15 15:44:54,718 [INFO] collector.trends_collector:   US: 10 trends, 4 K-POP related
2026-02-15 15:44:54,719 [INFO] collector.trends_collector: Fetching Google Trends for JP...
2026-02-15 15:44:55,783 [INFO] collector.trends_collector:   JP: 10 trends, 0 K-POP related
2026-02-15 15:44:55,783 [INFO] collector.trends_collector: Fetching Google Trends for TH...
2026-02-15 15:44:56,819 [INFO] collector.trends_collector:   TH: 10 trends, 1 K-POP related
2026-02-15 15:44:56,819 [INFO] collector.trends_collector: Fetching Google Trends for ID...
2026-02-15 15:44:57,860 [INFO] collector.trends_collector:   ID: 10 trends, 3 K-POP related
2026-02-15 15:44:57,860 [INFO] collector.trends_collector: Fetching Google Trends for PH...
2026-02-15 15:44:59,098 [INFO] collector.trends_collector:   PH: 10 trends, 2 K-POP related
2026-02-15 15:44:59,098 [INFO] collector.trends_collector: Fetching Google Trends for BR...
2026-02-15 15:45:00,051 [INFO] collector.trends_collector:   BR: 10 trends, 4 K-POP related
2026-02-15 15:45:00,052 [INFO] collector.trends_collector: Fetching Google Trends for MX...
2026-02-15 15:45:01,196 [INFO] collector.trends_collector:   MX: 10 trends, 1 K-POP related
2026-02-15 15:45:01,196 [INFO] collector.trends_collector: Fetching Google Trends for FR...
2026-02-15 15:45:02,151 [INFO] collector.trends_collector:   FR: 10 trends, 0 K-POP related
2026-02-15 15:45:02,151 [INFO] collector.trends_collector: Fetching Google Trends for DE...
2026-02-15 15:45:03,291 [INFO] collector.trends_collector:   DE: 10 trends, 4 K-POP related
2026-02-15 15:45:03,291 [INFO] collector.trends_collector: Fetching Google Trends for HK...
2026-02-15 15:45:04,352 [INFO] collector.trends_collector:   HK: 10 trends, 3 K-POP related
2026-02-15 15:45:04,353 [INFO] collector.trends_collector: Fetching Google Trends for TW...
2026-02-15 15:45:05,467 [INFO] collector.trends_collector:   TW: 10 trends, 0 K-POP related
2026-02-15 15:45:05,471 [INFO] kpop_trends: Google Trends: 120 total, 24 K-POP related
2026-02-15 15:45:05,472 [INFO] collector.news_collector: Fetching news from Soompi...
2026-02-15 15:45:05,981 [INFO] collector.news_collector:   Soompi: 19 articles
2026-02-15 15:45:05,981 [INFO] collector.news_collector: Fetching news from AllKPop...
2026-02-15 15:45:06,249 [WARNING] collector.news_collector: RSS feed error for AllKPop: <unknown>:7:866: not well-formed (invalid token)
2026-02-15 15:45:06,251 [INFO] kpop_trends: News: 19 articles saved
2026-02-15 15:45:06,252 [INFO] kpop_trends: --- Phase 2: Insight Analysis ---
2026-02-15 15:45:06,261 [INFO] analyzer.insight_engine: Generated 53 insights: 50 HIGH, 3 MEDIUM
2026-02-15 15:45:06,263 [INFO] kpop_trends: Insights: 53 generated
2026-02-15 15:45:06,263 [INFO] kpop_trends: --- Phase 3: Report Generation ---
2026-02-15 15:45:06,271 [INFO] reporter.daily_report: Report saved: /Users/yong/MainFolder/My_AI_Project/HKD852/KPOP_Trends/outputs/reports/2026-02-15.html
2026-02-15 15:45:06,271 [INFO] kpop_trends: Report: /Users/yong/MainFolder/My_AI_Project/HKD852/KPOP_Trends/outputs/reports/2026-02-15.html
2026-02-15 15:45:06,271 [INFO] kpop_trends: === Pipeline completed in 83.4s ===
2026-02-15 15:47:21,187 [INFO] kpop_trends: === K-POP Trends Daily Pipeline | 2026-02-15 ===
2026-02-15 15:47:21,189 [INFO] kpop_trends: Re-run requested, clearing existing data...
2026-02-15 15:47:21,191 [INFO] kpop_trends: --- Phase 1: Data Collection ---
2026-02-15 15:47:21,191 [INFO] collector.billboard_collector: Fetching Billboard billboard-global-200...
2026-02-15 15:48:14,183 [INFO] collector.billboard_collector:   Billboard billboard-global-200: 8 K-POP entries found
2026-02-15 15:48:14,183 [INFO] collector.billboard_collector: Fetching Billboard hot-100...
2026-02-15 15:48:28,384 [INFO] collector.billboard_collector:   Billboard hot-100: 0 K-POP entries found
2026-02-15 15:48:28,387 [INFO] kpop_trends: Billboard: 8 K-POP entries saved
2026-02-15 15:48:28,387 [INFO] collector.spotify_collector: Fetching Spotify Korea chart from kworb.net...
2026-02-15 15:48:30,006 [INFO] collector.spotify_collector:   Spotify Korea: 200 entries collected
2026-02-15 15:48:30,010 [INFO] kpop_trends: Spotify KR: 200 entries saved
2026-02-15 15:48:30,093 [INFO] collector.trends_collector: Fetching Google Trends for KR...
2026-02-15 15:48:30,717 [INFO] collector.trends_collector:   KR: 10 trends, 0 K-POP related
2026-02-15 15:48:30,717 [INFO] collector.trends_collector: Fetching Google Trends for US...
2026-02-15 15:48:31,697 [INFO] collector.trends_collector:   US: 10 trends, 0 K-POP related
2026-02-15 15:48:31,697 [INFO] collector.trends_collector: Fetching Google Trends for JP...
2026-02-15 15:48:32,292 [INFO] collector.trends_collector:   JP: 10 trends, 0 K-POP related
2026-02-15 15:48:32,292 [INFO] collector.trends_collector: Fetching Google Trends for TH...
2026-02-15 15:48:33,254 [INFO] collector.trends_collector:   TH: 10 trends, 0 K-POP related
2026-02-15 15:48:33,254 [INFO] collector.trends_collector: Fetching Google Trends for ID...
2026-02-15 15:48:34,288 [INFO] collector.trends_collector:   ID: 10 trends, 0 K-POP related
2026-02-15 15:48:34,288 [INFO] collector.trends_collector: Fetching Google Trends for PH...
2026-02-15 15:48:35,194 [INFO] collector.trends_collector:   PH: 10 trends, 0 K-POP related
2026-02-15 15:48:35,194 [INFO] collector.trends_collector: Fetching Google Trends for BR...
2026-02-15 15:48:36,288 [INFO] collector.trends_collector:   BR: 10 trends, 0 K-POP related
2026-02-15 15:48:36,289 [INFO] collector.trends_collector: Fetching Google Trends for MX...
2026-02-15 15:48:37,377 [INFO] collector.trends_collector:   MX: 10 trends, 0 K-POP related
2026-02-15 15:48:37,377 [INFO] collector.trends_collector: Fetching Google Trends for FR...
2026-02-15 15:48:38,426 [INFO] collector.trends_collector:   FR: 10 trends, 0 K-POP related
2026-02-15 15:48:38,426 [INFO] collector.trends_collector: Fetching Google Trends for DE...
2026-02-15 15:48:39,540 [INFO] collector.trends_collector:   DE: 10 trends, 0 K-POP related
2026-02-15 15:48:39,540 [INFO] collector.trends_collector: Fetching Google Trends for HK...
2026-02-15 15:48:40,612 [INFO] collector.trends_collector:   HK: 10 trends, 0 K-POP related
2026-02-15 15:48:40,612 [INFO] collector.trends_collector: Fetching Google Trends for TW...
2026-02-15 15:48:41,733 [INFO] collector.trends_collector:   TW: 10 trends, 0 K-POP related
2026-02-15 15:48:41,736 [INFO] kpop_trends: Google Trends: 120 total, 0 K-POP related
2026-02-15 15:48:41,736 [INFO] collector.news_collector: Fetching news from Soompi...
2026-02-15 15:48:42,115 [INFO] collector.news_collector:   Soompi: 19 articles
2026-02-15 15:48:42,115 [INFO] collector.news_collector: Fetching news from AllKPop...
2026-02-15 15:48:42,445 [WARNING] collector.news_collector: RSS feed error for AllKPop: <unknown>:7:866: not well-formed (invalid token)
2026-02-15 15:48:42,448 [INFO] kpop_trends: News: 19 articles saved
2026-02-15 15:48:42,448 [INFO] kpop_trends: --- Phase 2: Insight Analysis ---
2026-02-15 15:48:42,457 [INFO] analyzer.insight_engine: Generated 5 insights: 2 HIGH, 3 MEDIUM
2026-02-15 15:48:42,458 [INFO] kpop_trends: Insights: 5 generated
2026-02-15 15:48:42,458 [INFO] kpop_trends: --- Phase 3: Report Generation ---
2026-02-15 15:48:42,465 [INFO] reporter.daily_report: Report saved: /Users/yong/MainFolder/My_AI_Project/HKD852/KPOP_Trends/outputs/reports/2026-02-15.html
2026-02-15 15:48:42,466 [INFO] kpop_trends: Report: /Users/yong/MainFolder/My_AI_Project/HKD852/KPOP_Trends/outputs/reports/2026-02-15.html
2026-02-15 15:48:42,466 [INFO] kpop_trends: === Pipeline completed in 81.3s ===
2026-02-15 15:51:18,395 [INFO] kpop_trends: === K-POP Trends Daily Pipeline | 2026-02-15 ===
2026-02-15 15:51:18,396 [INFO] kpop_trends: Re-run requested, clearing existing data...
2026-02-15 15:51:18,397 [INFO] kpop_trends: --- Phase 1: Data Collection ---
2026-02-15 15:51:18,397 [INFO] collector.billboard_collector: Fetching Billboard billboard-global-200...
2026-02-15 15:52:12,543 [INFO] collector.billboard_collector:   Billboard billboard-global-200: 8 K-POP entries found
2026-02-15 15:52:12,544 [INFO] collector.billboard_collector: Fetching Billboard hot-100...
2026-02-15 15:52:27,029 [INFO] collector.billboard_collector:   Billboard hot-100: 0 K-POP entries found
2026-02-15 15:52:27,031 [INFO] kpop_trends: Billboard: 8 K-POP entries saved
2026-02-15 15:52:27,031 [INFO] collector.spotify_collector: Fetching Spotify Korea chart from kworb.net...
2026-02-15 15:52:29,155 [INFO] collector.spotify_collector:   Spotify Korea: 200 entries collected
2026-02-15 15:52:29,157 [INFO] kpop_trends: Spotify KR: 200 entries saved
2026-02-15 15:52:29,243 [INFO] collector.trends_collector: Fetching Google Trends for KR...
2026-02-15 15:52:30,095 [INFO] collector.trends_collector:   KR: 10 trends, 0 K-POP related
2026-02-15 15:52:30,095 [INFO] collector.trends_collector: Fetching Google Trends for US...
2026-02-15 15:52:31,116 [INFO] collector.trends_collector:   US: 10 trends, 0 K-POP related
2026-02-15 15:52:31,117 [INFO] collector.trends_collector: Fetching Google Trends for JP...
2026-02-15 15:52:32,118 [INFO] collector.trends_collector:   JP: 10 trends, 0 K-POP related
2026-02-15 15:52:32,119 [INFO] collector.trends_collector: Fetching Google Trends for TH...
2026-02-15 15:52:32,996 [INFO] collector.trends_collector:   TH: 10 trends, 0 K-POP related
2026-02-15 15:52:32,996 [INFO] collector.trends_collector: Fetching Google Trends for ID...
2026-02-15 15:52:34,084 [INFO] collector.trends_collector:   ID: 10 trends, 0 K-POP related
2026-02-15 15:52:34,085 [INFO] collector.trends_collector: Fetching Google Trends for PH...
2026-02-15 15:52:35,090 [INFO] collector.trends_collector:   PH: 10 trends, 0 K-POP related
2026-02-15 15:52:35,090 [INFO] collector.trends_collector: Fetching Google Trends for BR...
2026-02-15 15:52:36,281 [INFO] collector.trends_collector:   BR: 10 trends, 0 K-POP related
2026-02-15 15:52:36,281 [INFO] collector.trends_collector: Fetching Google Trends for MX...
2026-02-15 15:52:37,383 [INFO] collector.trends_collector:   MX: 10 trends, 0 K-POP related
2026-02-15 15:52:37,384 [INFO] collector.trends_collector: Fetching Google Trends for FR...
2026-02-15 15:52:38,446 [INFO] collector.trends_collector:   FR: 10 trends, 0 K-POP related
2026-02-15 15:52:38,446 [INFO] collector.trends_collector: Fetching Google Trends for DE...
2026-02-15 15:52:39,512 [INFO] collector.trends_collector:   DE: 10 trends, 0 K-POP related
2026-02-15 15:52:39,513 [INFO] collector.trends_collector: Fetching Google Trends for HK...
2026-02-15 15:52:40,503 [INFO] collector.trends_collector:   HK: 10 trends, 0 K-POP related
2026-02-15 15:52:40,503 [INFO] collector.trends_collector: Fetching Google Trends for TW...
2026-02-15 15:52:41,560 [INFO] collector.trends_collector:   TW: 10 trends, 0 K-POP related
2026-02-15 15:52:41,563 [INFO] kpop_trends: Google Trends: 120 total, 0 K-POP related
2026-02-15 15:52:41,563 [INFO] collector.news_collector: Fetching news from Soompi...
2026-02-15 15:52:41,992 [INFO] collector.news_collector:   Soompi: 20 articles
2026-02-15 15:52:41,992 [INFO] collector.news_collector: Fetching news from AllKPop...
2026-02-15 15:52:42,299 [WARNING] collector.news_collector: RSS feed error for AllKPop: <unknown>:7:866: not well-formed (invalid token)
2026-02-15 15:52:42,302 [INFO] kpop_trends: News: 20 articles saved
2026-02-15 15:52:42,302 [INFO] kpop_trends: --- Phase 2: Insight Analysis ---
2026-02-15 15:52:42,311 [INFO] analyzer.insight_engine: Generated 5 insights: 2 HIGH, 3 MEDIUM
2026-02-15 15:52:42,312 [INFO] kpop_trends: Insights: 5 generated
2026-02-15 15:52:42,313 [INFO] kpop_trends: --- Phase 3: Report Generation ---
2026-02-15 15:52:42,323 [INFO] reporter.daily_report: Report saved: /Users/yong/MainFolder/My_AI_Project/HKD852/KPOP_Trends/outputs/reports/2026-02-15.html
2026-02-15 15:52:42,323 [INFO] kpop_trends: Report: /Users/yong/MainFolder/My_AI_Project/HKD852/KPOP_Trends/outputs/reports/2026-02-15.html
2026-02-15 15:52:42,323 [INFO] kpop_trends: === Pipeline completed in 83.9s ===
2026-02-15 15:54:09,543 [INFO] kpop_trends: === K-POP Trends Daily Pipeline | 2026-02-15 ===
2026-02-15 15:54:09,544 [INFO] kpop_trends: Re-run requested, clearing existing data...
2026-02-15 15:54:09,545 [INFO] kpop_trends: --- Phase 1: Data Collection ---
2026-02-15 15:54:09,545 [INFO] collector.billboard_collector: Fetching Billboard billboard-global-200...
2026-02-15 15:55:02,913 [INFO] collector.billboard_collector:   Billboard billboard-global-200: 6 K-POP entries found
2026-02-15 15:55:02,913 [INFO] collector.billboard_collector: Fetching Billboard hot-100...
2026-02-15 15:55:17,299 [INFO] collector.billboard_collector:   Billboard hot-100: 0 K-POP entries found
2026-02-15 15:55:17,302 [INFO] kpop_trends: Billboard: 6 K-POP entries saved
2026-02-15 15:55:17,302 [INFO] collector.spotify_collector: Fetching Spotify Korea chart from kworb.net...
2026-02-15 15:55:19,218 [INFO] collector.spotify_collector:   Spotify Korea: 200 entries collected
2026-02-15 15:55:19,221 [INFO] kpop_trends: Spotify KR: 200 entries saved
2026-02-15 15:55:19,306 [INFO] collector.trends_collector: Fetching Google Trends for KR...
2026-02-15 15:55:20,153 [INFO] collector.trends_collector:   KR: 10 trends, 0 K-POP related
2026-02-15 15:55:20,153 [INFO] collector.trends_collector: Fetching Google Trends for US...
2026-02-15 15:55:20,997 [INFO] collector.trends_collector:   US: 10 trends, 0 K-POP related
2026-02-15 15:55:20,998 [INFO] collector.trends_collector: Fetching Google Trends for JP...
2026-02-15 15:55:22,022 [INFO] collector.trends_collector:   JP: 10 trends, 0 K-POP related
2026-02-15 15:55:22,022 [INFO] collector.trends_collector: Fetching Google Trends for TH...
2026-02-15 15:55:23,007 [INFO] collector.trends_collector:   TH: 10 trends, 0 K-POP related
2026-02-15 15:55:23,007 [INFO] collector.trends_collector: Fetching Google Trends for ID...
2026-02-15 15:55:23,966 [INFO] collector.trends_collector:   ID: 10 trends, 0 K-POP related
2026-02-15 15:55:23,967 [INFO] collector.trends_collector: Fetching Google Trends for PH...
2026-02-15 15:55:24,786 [INFO] collector.trends_collector:   PH: 10 trends, 0 K-POP related
2026-02-15 15:55:24,787 [INFO] collector.trends_collector: Fetching Google Trends for BR...
2026-02-15 15:55:25,928 [INFO] collector.trends_collector:   BR: 10 trends, 0 K-POP related
2026-02-15 15:55:25,929 [INFO] collector.trends_collector: Fetching Google Trends for MX...
2026-02-15 15:55:27,039 [INFO] collector.trends_collector:   MX: 10 trends, 0 K-POP related
2026-02-15 15:55:27,039 [INFO] collector.trends_collector: Fetching Google Trends for FR...
2026-02-15 15:55:28,268 [INFO] collector.trends_collector:   FR: 10 trends, 0 K-POP related
2026-02-15 15:55:28,269 [INFO] collector.trends_collector: Fetching Google Trends for DE...
2026-02-15 15:55:29,366 [INFO] collector.trends_collector:   DE: 10 trends, 0 K-POP related
2026-02-15 15:55:29,367 [INFO] collector.trends_collector: Fetching Google Trends for HK...
2026-02-15 15:55:30,199 [INFO] collector.trends_collector:   HK: 10 trends, 0 K-POP related
2026-02-15 15:55:30,200 [INFO] collector.trends_collector: Fetching Google Trends for TW...
2026-02-15 15:55:31,245 [INFO] collector.trends_collector:   TW: 10 trends, 0 K-POP related
2026-02-15 15:55:31,249 [INFO] kpop_trends: Google Trends: 120 total, 0 K-POP related
2026-02-15 15:55:31,249 [INFO] collector.news_collector: Fetching news from Soompi...
2026-02-15 15:55:31,634 [INFO] collector.news_collector:   Soompi: 20 articles
2026-02-15 15:55:31,634 [INFO] collector.news_collector: Fetching news from AllKPop...
2026-02-15 15:55:31,918 [WARNING] collector.news_collector: RSS feed error for AllKPop: <unknown>:7:866: not well-formed (invalid token)
2026-02-15 15:55:31,921 [INFO] kpop_trends: News: 20 articles saved
2026-02-15 15:55:31,921 [INFO] kpop_trends: --- Phase 2: Insight Analysis ---
2026-02-15 15:55:31,930 [INFO] analyzer.insight_engine: Generated 5 insights: 2 HIGH, 3 MEDIUM
2026-02-15 15:55:31,932 [INFO] kpop_trends: Insights: 5 generated
2026-02-15 15:55:31,932 [INFO] kpop_trends: --- Phase 3: Report Generation ---
2026-02-15 15:55:31,943 [INFO] reporter.daily_report: Report saved: /Users/yong/MainFolder/My_AI_Project/HKD852/KPOP_Trends/outputs/reports/2026-02-15.html
2026-02-15 15:55:31,943 [INFO] kpop_trends: Report: /Users/yong/MainFolder/My_AI_Project/HKD852/KPOP_Trends/outputs/reports/2026-02-15.html
2026-02-15 15:55:31,944 [INFO] kpop_trends: === Pipeline completed in 82.4s ===
